// Jest Snapshot v1, https://goo.gl/fbAQLP

exports[`should render LoginPage correctly 1`] = `
<div>
  <p>
     this is login page
  </p>
  <button
    onClick={[Function]}
  >
    Login
  </button>
</div>
`;
