// Jest Snapshot v1, https://goo.gl/fbAQLP

exports[`should render NotFoundPage with expense 1`] = `
<div>
  404 component
  <[object Object]
    to="/"
  >
    Go home
  </[object Object]>
</div>
`;
